 gcc -g p2final.c; ./a.out
enter the sides of a,b and c:1
enter the sides of a,b and c:2
enter the sides of a,b and c:3
the triangle is scalene 
 gdb a.out
GNU gdb (Ubuntu 8.1.1-0ubuntu1) 8.1.1
Copyright (C) 2018 Free Software Foundation, Inc.
License GPLv3+: GNU GPL version 3 or later <http://gnu.org/licenses/gpl.html>
This is free software: you are free to change and redistribute it.
There is NO WARRANTY, to the extent permitted by law.  Type "show copying"
and "show warranty" for details.
This GDB was configured as "x86_64-linux-gnu".
Type "show configuration" for configuration details.
For bug reporting instructions, please see:
<http://www.gnu.org/software/gdb/bugs/>.
Find the GDB manual and other documentation resources online at:
<http://www.gnu.org/software/gdb/documentation/>.
For help, type "help".
Type "apropos word" to search for commands related to "word"...
Reading symbols from a.out...done.
(gdb) b main
Breakpoint 1 at 0x7ef: file p2final.c, line 37.
(gdb) r
Starting program: /home/runner/IA2-Test1-Session2-1/a.out 
warning: Error disabling address space randomization: Operation not permitted

Breakpoint 1, main () at p2final.c:37
37    a=input_side();
(gdb) s
input_side () at p2final.c:3
3   int input_side(){
(gdb) n
5     printf("enter the sides of a,b and c:");
(gdb) n
6     scanf("%d",&a);
(gdb) n
enter the sides of a,b and c:1
7     return a;
(gdb) p a
$1 = 1
(gdb) n
9   }
(gdb) n
main () at p2final.c:38
38    b=input_side();
(gdb) s
input_side () at p2final.c:3
3   int input_side(){
(gdb) n
5     printf("enter the sides of a,b and c:");
(gdb) n
6     scanf("%d",&a);
(gdb) n
enter the sides of a,b and c:2
7     return a;
(gdb) p a
$2 = 2
(gdb) n
9   }
(gdb) n
main () at p2final.c:39
39     c=input_side();
(gdb) n
enter the sides of a,b and c:3 
40     chscalene=check_scalene(a,b,c);
(gdb) s
check_scalene (a=1, b=2, c=3) at p2final.c:12
12    if (a!=b && b!=c && c!=a)
(gdb) n
15      return 1;
(gdb) n
22  }
(gdb) n
main () at p2final.c:41
41     output(a,b,c,chscalene);
(gdb) s
output (a=1, b=2, c=3, isscalene=1) at p2final.c:25
25    if(isscalene==1)
(gdb) n
27      printf("the triangle is scalene");
(gdb) n
33  }
(gdb) n
main () at p2final.c:45
45  }(gdb) c
Continuing.
the triangle is scalene[Inferior 1 (process 270) exited normally]
(gdb) 