 gcc -g p3final.c; ./a.out
enter a number to be checked:8
8 is a composite number 
 gdb a.out
GNU gdb (Ubuntu 8.1.1-0ubuntu1) 8.1.1
Copyright (C) 2018 Free Software Foundation, Inc.
License GPLv3+: GNU GPL version 3 or later <http://gnu.org/licenses/gpl.html>
This is free software: you are free to change and redistribute it.
There is NO WARRANTY, to the extent permitted by law.  Type "show copying"
and "show warranty" for details.
This GDB was configured as "x86_64-linux-gnu".
Type "show configuration" for configuration details.
For bug reporting instructions, please see:
<http://www.gnu.org/software/gdb/bugs/>.
Find the GDB manual and other documentation resources online at:
<http://www.gnu.org/software/gdb/documentation/>.
For help, type "help".
Type "apropos word" to search for commands related to "word"...
Reading symbols from a.out...done.
(gdb) b main
Breakpoint 1 at 0x800: file p3final.c, line 34.
(gdb) r
Starting program: /home/runner/IA2-Test1-Session2-1/a.out 
warning: Error disabling address space randomization: Operation not permitted

Breakpoint 1, main () at p3final.c:34
34    num=input_number();
(gdb) s
input_number () at p3final.c:3
3   {
(gdb) n
5     printf("enter a number to be checked:");
(gdb) n
6     scanf("%d",&n);
(gdb) n
enter a number to be checked:8
7     return n;
(gdb) p a
No symbol "a" in current context.
(gdb) p n
$1 = 8
(gdb) n
8   }
(gdb) n
main () at p3final.c:35
35    compositeres=is_composite(num);
(gdb) s
is_composite (n=8) at p3final.c:12
12    for(i=2;i<=n/2;i++)
(gdb) n
14      if (n%i==0)
(gdb) n
15        return 1;
(gdb) n
18  }
(gdb) n
main () at p3final.c:36
36    output(num,compositeres);
(gdb) s
output (n=8, composite=1) at p3final.c:21
21    if (composite==1)
(gdb) n
23      printf("%d is a composite number",n);
(gdb) n
30  }
(gdb) n
main () at p3final.c:39
39  }(gdb) c
Continuing.
8 is a composite number[Inferior 1 (process 411) exited normally]
(gdb) 